22:51:18 **** Auto Build of configuration Debug for project lab8SoC ****
make all 
'Building file: ../Pingpong_template.c'
'Invoking: ARM gcc compiler'
arm-xilinx-eabi-gcc -Wall -O0 -g3 -c -fmessage-length=0 -MT"Pingpong_template.o" -I../../lab8SoC_bsp/ps7_cortexa9_0/include -MMD -MP -MF"Pingpong_template.d" -MT"Pingpong_template.d" -o "Pingpong_template.o" "../Pingpong_template.c"
../Pingpong_template.c: In function 'initialize':
../Pingpong_template.c:183:2: warning: passing argument 2 of 'XTmrCtr_SetHandler' from incompatible pointer type [enabled by default]
  XTmrCtr_SetHandler(&TMRInst, TMR_Intr_Handler, &TMRInst);
  ^
In file included from ../Pingpong_template.c:11:0:
../../lab8SoC_bsp/ps7_cortexa9_0/include/xtmrctr.h:293:6: note: expected 'XTmrCtr_Handler' but argument is of type 'void (*)(void *)'
 void XTmrCtr_SetHandler(XTmrCtr * InstancePtr, XTmrCtr_Handler FuncPtr,
      ^
../Pingpong_template.c:196:1: warning: control reaches end of non-void function [-Wreturn-type]
 }
 ^
'Finished building: ../Pingpong_template.c'
' '
'Building target: lab8SoC.elf'
'Invoking: ARM gcc linker'
arm-xilinx-eabi-gcc -Wl,-T -Wl,../src/lscript.ld -L../../lab8SoC_bsp/ps7_cortexa9_0/lib -o "lab8SoC.elf"  ./Pingpong_template.o   -Wl,--start-group,-lxil,-lgcc,-lc,--end-group
'Finished building target: lab8SoC.elf'
' '
'Invoking: ARM Print Size'
arm-xilinx-eabi-size lab8SoC.elf  |tee "lab8SoC.elf.size"
   text	   data	    bss	    dec	    hex	filename
  33292	   1992	  22692	  57976	   e278	lab8SoC.elf
'Finished building: lab8SoC.elf.size'
' '

22:51:21 Build Finished (took 3s.26ms)

