19:09:48 **** Build of configuration Debug for project lab10part2 ****
make all 
'Building file: ../audio_demo.c'
'Invoking: ARM gcc compiler'
arm-xilinx-eabi-gcc -Wall -O0 -g3 -c -fmessage-length=0 -MT"audio_demo.o" -I../../lab10part2_bsp/ps7_cortexa9_0/include -MMD -MP -MF"audio_demo.d" -MT"audio_demo.d" -o "audio_demo.o" "../audio_demo.c"
'Finished building: ../audio_demo.c'
' '
'Building file: ../display_ctrl.c'
'Invoking: ARM gcc compiler'
arm-xilinx-eabi-gcc -Wall -O0 -g3 -c -fmessage-length=0 -MT"display_ctrl.o" -I../../lab10part2_bsp/ps7_cortexa9_0/include -MMD -MP -MF"display_ctrl.d" -MT"display_ctrl.d" -o "display_ctrl.o" "../display_ctrl.c"
'Finished building: ../display_ctrl.c'
' '
'Building file: ../display_demo.c'
'Invoking: ARM gcc compiler'
arm-xilinx-eabi-gcc -Wall -O0 -g3 -c -fmessage-length=0 -MT"display_demo.o" -I../../lab10part2_bsp/ps7_cortexa9_0/include -MMD -MP -MF"display_demo.d" -MT"display_demo.d" -o "display_demo.o" "../display_demo.c"
../display_demo.c: In function 'RD_own':
../display_demo.c:290:18: warning: suggest parentheses around arithmetic in operand of '^' [-Wparentheses]
  return (i-DIM)^2+(j-DIM)^2;
                  ^
../display_demo.c: In function 'GR_own':
../display_demo.c:293:12: warning: suggest parentheses around arithmetic in operand of '^' [-Wparentheses]
  return j^j-i^i;
            ^
../display_demo.c: In function 'BL_own':
../display_demo.c:296:13: warning: suggest parentheses around arithmetic in operand of '^' [-Wparentheses]
   return i^i-j^j;
             ^
../display_demo.c: In function 'DisplayDemoPrintTest':
../display_demo.c:309:15: warning: variable 'yInc' set but not used [-Wunused-but-set-variable]
  double xInc, yInc;
               ^
../display_demo.c:309:9: warning: variable 'xInc' set but not used [-Wunused-but-set-variable]
  double xInc, yInc;
         ^
../display_demo.c:308:6: warning: variable 'yMid' set but not used [-Wunused-but-set-variable]
  u32 yMid, yInt;
      ^
../display_demo.c:307:19: warning: variable 'xRight' set but not used [-Wunused-but-set-variable]
  u32 xLeft, xMid, xRight, xInt;
                   ^
../display_demo.c:307:13: warning: variable 'xMid' set but not used [-Wunused-but-set-variable]
  u32 xLeft, xMid, xRight, xInt;
             ^
../display_demo.c:307:6: warning: variable 'xLeft' set but not used [-Wunused-but-set-variable]
  u32 xLeft, xMid, xRight, xInt;
      ^
../display_demo.c:305:6: warning: unused variable 'wCurrentInt' [-Wunused-variable]
  u32 wCurrentInt;
      ^
../display_demo.c:304:27: warning: unused variable 'wColor' [-Wunused-variable]
  u32 wRed, wBlue, wGreen, wColor;
                           ^
../display_demo.c:304:19: warning: unused variable 'wGreen' [-Wunused-variable]
  u32 wRed, wBlue, wGreen, wColor;
                   ^
../display_demo.c:304:12: warning: unused variable 'wBlue' [-Wunused-variable]
  u32 wRed, wBlue, wGreen, wColor;
            ^
../display_demo.c:304:6: warning: unused variable 'wRed' [-Wunused-variable]
  u32 wRed, wBlue, wGreen, wColor;
      ^
'Finished building: ../display_demo.c'
' '
'Building file: ../main.c'
'Invoking: ARM gcc compiler'
arm-xilinx-eabi-gcc -Wall -O0 -g3 -c -fmessage-length=0 -MT"main.o" -I../../lab10part2_bsp/ps7_cortexa9_0/include -MMD -MP -MF"main.d" -MT"main.d" -o "main.o" "../main.c"
../main.c: In function 'main':
../main.c:69:7: warning: variable 'hdmiPtr' set but not used [-Wunused-but-set-variable]
  u32 *hdmiPtr[DISPLAY_NUM_FRAMES];
       ^
'Finished building: ../main.c'
' '
'Building file: ../timer_ps.c'
'Invoking: ARM gcc compiler'
arm-xilinx-eabi-gcc -Wall -O0 -g3 -c -fmessage-length=0 -MT"timer_ps.o" -I../../lab10part2_bsp/ps7_cortexa9_0/include -MMD -MP -MF"timer_ps.d" -MT"timer_ps.d" -o "timer_ps.o" "../timer_ps.c"
'Finished building: ../timer_ps.c'
' '
'Building target: lab10part2.elf'
'Invoking: ARM gcc linker'
arm-xilinx-eabi-gcc -Wl,-T -Wl,../src/lscript.ld -L../../lab10part2_bsp/ps7_cortexa9_0/lib -o "lab10part2.elf"  ./audio_demo.o ./display_ctrl.o ./display_demo.o ./main.o ./timer_ps.o   -Wl,--start-group,-lxil,-lgcc,-lc,--end-group -Wl,--start-group,-lxilffs,-lxil,-lgcc,-lc,--end-group -Wl,--start-group,-lrsa,-lxil,-lgcc,-lc,--end-group
'Finished building target: lab10part2.elf'
' '
'Invoking: ARM Print Size'
arm-xilinx-eabi-size lab10part2.elf  |tee "lab10part2.elf.size"
   text	   data	    bss	    dec	    hex	filename
  95008	   2464	51714624	51812096	3169700	lab10part2.elf
'Finished building: lab10part2.elf.size'
' '

19:09:51 Build Finished (took 3s.786ms)

