14:39:01 **** Build of project lab5part2_bsp ****
make -k all 
"Running Make include in ps7_cortexa9_0/libsrc/bram_v4_0/src"
make -C ps7_cortexa9_0/libsrc/bram_v4_0/src -s include  "SHELL=CMD" "COMPILER=arm-xilinx-eabi-gcc" "ARCHIVER=arm-xilinx-eabi-ar" "COMPILER_FLAGS=  -O2 -c" "EXTRA_COMPILER_FLAGS=-g"
"Running Make include in ps7_cortexa9_0/libsrc/cpu_cortexa9_v2_1/src"
make -C ps7_cortexa9_0/libsrc/cpu_cortexa9_v2_1/src -s include  "SHELL=CMD" "COMPILER=arm-xilinx-eabi-gcc" "ARCHIVER=arm-xilinx-eabi-ar" "COMPILER_FLAGS=  -O2 -c" "EXTRA_COMPILER_FLAGS=-g"
"Running Make include in ps7_cortexa9_0/libsrc/devcfg_v3_2/src"
make -C ps7_cortexa9_0/libsrc/devcfg_v3_2/src -s include  "SHELL=CMD" "COMPILER=arm-xilinx-eabi-gcc" "ARCHIVER=arm-xilinx-eabi-ar" "COMPILER_FLAGS=  -O2 -c" "EXTRA_COMPILER_FLAGS=-g"
"Running Make include in ps7_cortexa9_0/libsrc/dmaps_v2_1/src"
make -C ps7_cortexa9_0/libsrc/dmaps_v2_1/src -s include  "SHELL=CMD" "COMPILER=arm-xilinx-eabi-gcc" "ARCHIVER=arm-xilinx-eabi-ar" "COMPILER_FLAGS=  -O2 -c" "EXTRA_COMPILER_FLAGS=-g"
"Running Make include in ps7_cortexa9_0/libsrc/gpio_v4_0/src"
make -C ps7_cortexa9_0/libsrc/gpio_v4_0/src -s include  "SHELL=CMD" "COMPILER=arm-xilinx-eabi-gcc" "ARCHIVER=arm-xilinx-eabi-ar" "COMPILER_FLAGS=  -O2 -c" "EXTRA_COMPILER_FLAGS=-g"
"Running Make include in ps7_cortexa9_0/libsrc/led_ip_v1_0/src"
make -C ps7_cortexa9_0/libsrc/led_ip_v1_0/src -s include  "SHELL=CMD" "COMPILER=arm-xilinx-eabi-gcc" "ARCHIVER=arm-xilinx-eabi-ar" "COMPILER_FLAGS=  -O2 -c" "EXTRA_COMPILER_FLAGS=-g"
"Running Make include in ps7_cortexa9_0/libsrc/scugic_v2_1/src"
make -C ps7_cortexa9_0/libsrc/scugic_v2_1/src -s include  "SHELL=CMD" "COMPILER=arm-xilinx-eabi-gcc" "ARCHIVER=arm-xilinx-eabi-ar" "COMPILER_FLAGS=  -O2 -c" "EXTRA_COMPILER_FLAGS=-g"
"Running Make include in ps7_cortexa9_0/libsrc/scutimer_v2_0/src"
make -C ps7_cortexa9_0/libsrc/scutimer_v2_0/src -s include  "SHELL=CMD" "COMPILER=arm-xilinx-eabi-gcc" "ARCHIVER=arm-xilinx-eabi-ar" "COMPILER_FLAGS=  -O2 -c" "EXTRA_COMPILER_FLAGS=-g"
"Running Make include in ps7_cortexa9_0/libsrc/scuwdt_v2_0/src"
make -C ps7_cortexa9_0/libsrc/scuwdt_v2_0/src -s include  "SHELL=CMD" "COMPILER=arm-xilinx-eabi-gcc" "ARCHIVER=arm-xilinx-eabi-ar" "COMPILER_FLAGS=  -O2 -c" "EXTRA_COMPILER_FLAGS=-g"
"Running Make include in ps7_cortexa9_0/libsrc/standalone_v4_2/src"
make -C ps7_cortexa9_0/libsrc/standalone_v4_2/src -s include  "SHELL=CMD" "COMPILER=arm-xilinx-eabi-gcc" "ARCHIVER=arm-xilinx-eabi-ar" "COMPILER_FLAGS=  -O2 -c" "EXTRA_COMPILER_FLAGS=-g"
"Running Make include in ps7_cortexa9_0/libsrc/uartps_v2_2/src"
make -C ps7_cortexa9_0/libsrc/uartps_v2_2/src -s include  "SHELL=CMD" "COMPILER=arm-xilinx-eabi-gcc" "ARCHIVER=arm-xilinx-eabi-ar" "COMPILER_FLAGS=  -O2 -c" "EXTRA_COMPILER_FLAGS=-g"
"Running Make include in ps7_cortexa9_0/libsrc/xadcps_v2_1/src"
make -C ps7_cortexa9_0/libsrc/xadcps_v2_1/src -s include  "SHELL=CMD" "COMPILER=arm-xilinx-eabi-gcc" "ARCHIVER=arm-xilinx-eabi-ar" "COMPILER_FLAGS=  -O2 -c" "EXTRA_COMPILER_FLAGS=-g"
"Running Make libs in ps7_cortexa9_0/libsrc/bram_v4_0/src"
make -C ps7_cortexa9_0/libsrc/bram_v4_0/src -s libs  "SHELL=CMD" "COMPILER=arm-xilinx-eabi-gcc" "ARCHIVER=arm-xilinx-eabi-ar" "COMPILER_FLAGS=  -O2 -c" "EXTRA_COMPILER_FLAGS=-g"
"Compiling bram"
arm-xilinx-eabi-ar: creating ../../../lib/libxil.a
"Running Make libs in ps7_cortexa9_0/libsrc/cpu_cortexa9_v2_1/src"
make -C ps7_cortexa9_0/libsrc/cpu_cortexa9_v2_1/src -s libs  "SHELL=CMD" "COMPILER=arm-xilinx-eabi-gcc" "ARCHIVER=arm-xilinx-eabi-ar" "COMPILER_FLAGS=  -O2 -c" "EXTRA_COMPILER_FLAGS=-g"
"Compiling cpu_cortexa9"
"Running Make libs in ps7_cortexa9_0/libsrc/devcfg_v3_2/src"
make -C ps7_cortexa9_0/libsrc/devcfg_v3_2/src -s libs  "SHELL=CMD" "COMPILER=arm-xilinx-eabi-gcc" "ARCHIVER=arm-xilinx-eabi-ar" "COMPILER_FLAGS=  -O2 -c" "EXTRA_COMPILER_FLAGS=-g"
"Compiling devcfg"
"Running Make libs in ps7_cortexa9_0/libsrc/dmaps_v2_1/src"
make -C ps7_cortexa9_0/libsrc/dmaps_v2_1/src -s libs  "SHELL=CMD" "COMPILER=arm-xilinx-eabi-gcc" "ARCHIVER=arm-xilinx-eabi-ar" "COMPILER_FLAGS=  -O2 -c" "EXTRA_COMPILER_FLAGS=-g"
"Compiling dmaps"
"Running Make libs in ps7_cortexa9_0/libsrc/gpio_v4_0/src"
make -C ps7_cortexa9_0/libsrc/gpio_v4_0/src -s libs  "SHELL=CMD" "COMPILER=arm-xilinx-eabi-gcc" "ARCHIVER=arm-xilinx-eabi-ar" "COMPILER_FLAGS=  -O2 -c" "EXTRA_COMPILER_FLAGS=-g"
"Compiling gpio"
"Running Make libs in ps7_cortexa9_0/libsrc/led_ip_v1_0/src"
make -C ps7_cortexa9_0/libsrc/led_ip_v1_0/src -s libs  "SHELL=CMD" "COMPILER=arm-xilinx-eabi-gcc" "ARCHIVER=arm-xilinx-eabi-ar" "COMPILER_FLAGS=  -O2 -c" "EXTRA_COMPILER_FLAGS=-g"
"Compiling led_ip..."
"Running Make libs in ps7_cortexa9_0/libsrc/scugic_v2_1/src"
make -C ps7_cortexa9_0/libsrc/scugic_v2_1/src -s libs  "SHELL=CMD" "COMPILER=arm-xilinx-eabi-gcc" "ARCHIVER=arm-xilinx-eabi-ar" "COMPILER_FLAGS=  -O2 -c" "EXTRA_COMPILER_FLAGS=-g"
"Compiling scugic"
"Running Make libs in ps7_cortexa9_0/libsrc/scutimer_v2_0/src"
make -C ps7_cortexa9_0/libsrc/scutimer_v2_0/src -s libs  "SHELL=CMD" "COMPILER=arm-xilinx-eabi-gcc" "ARCHIVER=arm-xilinx-eabi-ar" "COMPILER_FLAGS=  -O2 -c" "EXTRA_COMPILER_FLAGS=-g"
"Compiling scutimer"
"Running Make libs in ps7_cortexa9_0/libsrc/scuwdt_v2_0/src"
make -C ps7_cortexa9_0/libsrc/scuwdt_v2_0/src -s libs  "SHELL=CMD" "COMPILER=arm-xilinx-eabi-gcc" "ARCHIVER=arm-xilinx-eabi-ar" "COMPILER_FLAGS=  -O2 -c" "EXTRA_COMPILER_FLAGS=-g"
"Compiling scuwdt"
"Running Make libs in ps7_cortexa9_0/libsrc/standalone_v4_2/src"
make -C ps7_cortexa9_0/libsrc/standalone_v4_2/src -s libs  "SHELL=CMD" "COMPILER=arm-xilinx-eabi-gcc" "ARCHIVER=arm-xilinx-eabi-ar" "COMPILER_FLAGS=  -O2 -c" "EXTRA_COMPILER_FLAGS=-g"
"Compiling standalone"
"Running Make libs in ps7_cortexa9_0/libsrc/uartps_v2_2/src"
make -C ps7_cortexa9_0/libsrc/uartps_v2_2/src -s libs  "SHELL=CMD" "COMPILER=arm-xilinx-eabi-gcc" "ARCHIVER=arm-xilinx-eabi-ar" "COMPILER_FLAGS=  -O2 -c" "EXTRA_COMPILER_FLAGS=-g"
"Compiling uartps"
"Running Make libs in ps7_cortexa9_0/libsrc/xadcps_v2_1/src"
make -C ps7_cortexa9_0/libsrc/xadcps_v2_1/src -s libs  "SHELL=CMD" "COMPILER=arm-xilinx-eabi-gcc" "ARCHIVER=arm-xilinx-eabi-ar" "COMPILER_FLAGS=  -O2 -c" "EXTRA_COMPILER_FLAGS=-g"
"Compiling xadcps"
'Finished building libraries'

**** Build of configuration Debug for project lab5part2 ****

Nothing to build for project lab5part2
14:39:48 **** Auto Build of configuration Debug for project lab5part2 ****
make all 
'Building file: ../lab4.c'
'Invoking: ARM gcc compiler'
arm-xilinx-eabi-gcc -Wall -O0 -g3 -c -fmessage-length=0 -MT"lab4.o" -I../../lab5part2_bsp/ps7_cortexa9_0/include -MMD -MP -MF"lab4.d" -MT"lab4.d" -o "lab4.o" "../lab4.c"
../lab4.c: In function 'main':
../lab4.c:14:27: error: 'XPAR_DIP_DEVICE_ID' undeclared (first use in this function)
    XGpio_Initialize(&dip, XPAR_DIP_DEVICE_ID); // Modify this
                           ^
../lab4.c:14:27: note: each undeclared identifier is reported only once for each function it appears in
../lab4.c:17:28: error: 'XPAR_PUSH_DEVICE_ID' undeclared (first use in this function)
    XGpio_Initialize(&push, XPAR_PUSH_DEVICE_ID); // Modify this
                            ^
make: *** [lab4.o] ´íÎó 1
14:40:11 **** Auto Build of configuration Debug for project lab5part2 ****
make all 
'Building file: ../lab4.c'
'Invoking: ARM gcc compiler'
arm-xilinx-eabi-gcc -Wall -O0 -g3 -c -fmessage-length=0 -MT"lab4.o" -I../../lab5part2_bsp/ps7_cortexa9_0/include -MMD -MP -MF"lab4.d" -MT"lab4.d" -o "lab4.o" "../lab4.c"
../lab4.c: In function 'main':
../lab4.c:14:27: error: 'XPAR_SWITCHS_DEVICE_ID' undeclared (first use in this function)
    XGpio_Initialize(&dip, XPAR_SWITCHS_DEVICE_ID); // Modify this
                           ^
../lab4.c:14:27: note: each undeclared identifier is reported only once for each function it appears in
../lab4.c:17:28: error: 'XPAR_PUSH_DEVICE_ID' undeclared (first use in this function)
    XGpio_Initialize(&push, XPAR_PUSH_DEVICE_ID); // Modify this
                            ^
make: *** [lab4.o] ´íÎó 1
14:40:39 **** Auto Build of configuration Debug for project lab5part2 ****
make all 
'Building file: ../lab4.c'
'Invoking: ARM gcc compiler'
arm-xilinx-eabi-gcc -Wall -O0 -g3 -c -fmessage-length=0 -MT"lab4.o" -I../../lab5part2_bsp/ps7_cortexa9_0/include -MMD -MP -MF"lab4.d" -MT"lab4.d" -o "lab4.o" "../lab4.c"
../lab4.c: In function 'main':
../lab4.c:17:28: error: 'XPAR_PUSH_DEVICE_ID' undeclared (first use in this function)
    XGpio_Initialize(&push, XPAR_PUSH_DEVICE_ID); // Modify this
                            ^
../lab4.c:17:28: note: each undeclared identifier is reported only once for each function it appears in
make: *** [lab4.o] ´íÎó 1
14:40:58 **** Auto Build of configuration Debug for project lab5part2 ****
make all 
'Building file: ../lab4.c'
'Invoking: ARM gcc compiler'
arm-xilinx-eabi-gcc -Wall -O0 -g3 -c -fmessage-length=0 -MT"lab4.o" -I../../lab5part2_bsp/ps7_cortexa9_0/include -MMD -MP -MF"lab4.d" -MT"lab4.d" -o "lab4.o" "../lab4.c"
'Finished building: ../lab4.c'
' '
'Building target: lab5part2.elf'
'Invoking: ARM gcc linker'
arm-xilinx-eabi-gcc -Wl,-T -Wl,../src/lscript.ld -L../../lab5part2_bsp/ps7_cortexa9_0/lib -o "lab5part2.elf"  ./lab4.o   -Wl,--start-group,-lxil,-lgcc,-lc,--end-group
'Finished building target: lab5part2.elf'
' '
'Invoking: ARM Print Size'
arm-xilinx-eabi-size lab5part2.elf  |tee "lab5part2.elf.size"
   text	   data	    bss	    dec	    hex	filename
  24012	   1192	  22564	  47768	   ba98	lab5part2.elf
'Finished building: lab5part2.elf.size'
' '
14:42:42 **** Auto Build of configuration Debug for project lab5part2 ****
make all 
'Building file: ../lab4.c'
'Invoking: ARM gcc compiler'
arm-xilinx-eabi-gcc -Wall -O0 -g3 -c -fmessage-length=0 -MT"lab4.o" -I../../lab5part2_bsp/ps7_cortexa9_0/include -MMD -MP -MF"lab4.d" -MT"lab4.d" -o "lab4.o" "../lab4.c"
'Finished building: ../lab4.c'
' '
'Building target: lab5part2.elf'
'Invoking: ARM gcc linker'
arm-xilinx-eabi-gcc -Wl,-T -Wl,../src/lscript.ld -L../../lab5part2_bsp/ps7_cortexa9_0/lib -o "lab5part2.elf"  ./lab4.o   -Wl,--start-group,-lxil,-lgcc,-lc,--end-group
'Finished building target: lab5part2.elf'
' '
'Invoking: ARM Print Size'
arm-xilinx-eabi-size lab5part2.elf  |tee "lab5part2.elf.size"
   text	   data	    bss	    dec	    hex	filename
  24012	   1192	  22564	  47768	   ba98	lab5part2.elf
'Finished building: lab5part2.elf.size'
' '
14:49:28 **** Build of project lab5part2_bsp ****
make -k all 
"Running Make include in ps7_cortexa9_0/libsrc/bram_v4_0/src"
make -C ps7_cortexa9_0/libsrc/bram_v4_0/src -s include  "SHELL=CMD" "COMPILER=arm-xilinx-eabi-gcc" "ARCHIVER=arm-xilinx-eabi-ar" "COMPILER_FLAGS=  -O2 -c" "EXTRA_COMPILER_FLAGS=-g"
"Running Make include in ps7_cortexa9_0/libsrc/cpu_cortexa9_v2_1/src"
make -C ps7_cortexa9_0/libsrc/cpu_cortexa9_v2_1/src -s include  "SHELL=CMD" "COMPILER=arm-xilinx-eabi-gcc" "ARCHIVER=arm-xilinx-eabi-ar" "COMPILER_FLAGS=  -O2 -c" "EXTRA_COMPILER_FLAGS=-g"
"Running Make include in ps7_cortexa9_0/libsrc/devcfg_v3_2/src"
make -C ps7_cortexa9_0/libsrc/devcfg_v3_2/src -s include  "SHELL=CMD" "COMPILER=arm-xilinx-eabi-gcc" "ARCHIVER=arm-xilinx-eabi-ar" "COMPILER_FLAGS=  -O2 -c" "EXTRA_COMPILER_FLAGS=-g"
"Running Make include in ps7_cortexa9_0/libsrc/dmaps_v2_1/src"
make -C ps7_cortexa9_0/libsrc/dmaps_v2_1/src -s include  "SHELL=CMD" "COMPILER=arm-xilinx-eabi-gcc" "ARCHIVER=arm-xilinx-eabi-ar" "COMPILER_FLAGS=  -O2 -c" "EXTRA_COMPILER_FLAGS=-g"
"Running Make include in ps7_cortexa9_0/libsrc/gpio_v4_0/src"
make -C ps7_cortexa9_0/libsrc/gpio_v4_0/src -s include  "SHELL=CMD" "COMPILER=arm-xilinx-eabi-gcc" "ARCHIVER=arm-xilinx-eabi-ar" "COMPILER_FLAGS=  -O2 -c" "EXTRA_COMPILER_FLAGS=-g"
"Running Make include in ps7_cortexa9_0/libsrc/led_ip_v1_0/src"
make -C ps7_cortexa9_0/libsrc/led_ip_v1_0/src -s include  "SHELL=CMD" "COMPILER=arm-xilinx-eabi-gcc" "ARCHIVER=arm-xilinx-eabi-ar" "COMPILER_FLAGS=  -O2 -c" "EXTRA_COMPILER_FLAGS=-g"
"Running Make include in ps7_cortexa9_0/libsrc/scugic_v2_1/src"
make -C ps7_cortexa9_0/libsrc/scugic_v2_1/src -s include  "SHELL=CMD" "COMPILER=arm-xilinx-eabi-gcc" "ARCHIVER=arm-xilinx-eabi-ar" "COMPILER_FLAGS=  -O2 -c" "EXTRA_COMPILER_FLAGS=-g"
"Running Make include in ps7_cortexa9_0/libsrc/scutimer_v2_0/src"
make -C ps7_cortexa9_0/libsrc/scutimer_v2_0/src -s include  "SHELL=CMD" "COMPILER=arm-xilinx-eabi-gcc" "ARCHIVER=arm-xilinx-eabi-ar" "COMPILER_FLAGS=  -O2 -c" "EXTRA_COMPILER_FLAGS=-g"
"Running Make include in ps7_cortexa9_0/libsrc/scuwdt_v2_0/src"
make -C ps7_cortexa9_0/libsrc/scuwdt_v2_0/src -s include  "SHELL=CMD" "COMPILER=arm-xilinx-eabi-gcc" "ARCHIVER=arm-xilinx-eabi-ar" "COMPILER_FLAGS=  -O2 -c" "EXTRA_COMPILER_FLAGS=-g"
"Running Make include in ps7_cortexa9_0/libsrc/standalone_v4_2/src"
make -C ps7_cortexa9_0/libsrc/standalone_v4_2/src -s include  "SHELL=CMD" "COMPILER=arm-xilinx-eabi-gcc" "ARCHIVER=arm-xilinx-eabi-ar" "COMPILER_FLAGS=  -O2 -c" "EXTRA_COMPILER_FLAGS=-g"
"Running Make include in ps7_cortexa9_0/libsrc/uartps_v2_2/src"
make -C ps7_cortexa9_0/libsrc/uartps_v2_2/src -s include  "SHELL=CMD" "COMPILER=arm-xilinx-eabi-gcc" "ARCHIVER=arm-xilinx-eabi-ar" "COMPILER_FLAGS=  -O2 -c" "EXTRA_COMPILER_FLAGS=-g"
"Running Make include in ps7_cortexa9_0/libsrc/xadcps_v2_1/src"
make -C ps7_cortexa9_0/libsrc/xadcps_v2_1/src -s include  "SHELL=CMD" "COMPILER=arm-xilinx-eabi-gcc" "ARCHIVER=arm-xilinx-eabi-ar" "COMPILER_FLAGS=  -O2 -c" "EXTRA_COMPILER_FLAGS=-g"
"Running Make libs in ps7_cortexa9_0/libsrc/bram_v4_0/src"
make -C ps7_cortexa9_0/libsrc/bram_v4_0/src -s libs  "SHELL=CMD" "COMPILER=arm-xilinx-eabi-gcc" "ARCHIVER=arm-xilinx-eabi-ar" "COMPILER_FLAGS=  -O2 -c" "EXTRA_COMPILER_FLAGS=-g"
"Compiling bram"
"Running Make libs in ps7_cortexa9_0/libsrc/cpu_cortexa9_v2_1/src"
make -C ps7_cortexa9_0/libsrc/cpu_cortexa9_v2_1/src -s libs  "SHELL=CMD" "COMPILER=arm-xilinx-eabi-gcc" "ARCHIVER=arm-xilinx-eabi-ar" "COMPILER_FLAGS=  -O2 -c" "EXTRA_COMPILER_FLAGS=-g"
"Compiling cpu_cortexa9"
"Running Make libs in ps7_cortexa9_0/libsrc/devcfg_v3_2/src"
make -C ps7_cortexa9_0/libsrc/devcfg_v3_2/src -s libs  "SHELL=CMD" "COMPILER=arm-xilinx-eabi-gcc" "ARCHIVER=arm-xilinx-eabi-ar" "COMPILER_FLAGS=  -O2 -c" "EXTRA_COMPILER_FLAGS=-g"
"Compiling devcfg"
"Running Make libs in ps7_cortexa9_0/libsrc/dmaps_v2_1/src"
make -C ps7_cortexa9_0/libsrc/dmaps_v2_1/src -s libs  "SHELL=CMD" "COMPILER=arm-xilinx-eabi-gcc" "ARCHIVER=arm-xilinx-eabi-ar" "COMPILER_FLAGS=  -O2 -c" "EXTRA_COMPILER_FLAGS=-g"
"Compiling dmaps"
"Running Make libs in ps7_cortexa9_0/libsrc/gpio_v4_0/src"
make -C ps7_cortexa9_0/libsrc/gpio_v4_0/src -s libs  "SHELL=CMD" "COMPILER=arm-xilinx-eabi-gcc" "ARCHIVER=arm-xilinx-eabi-ar" "COMPILER_FLAGS=  -O2 -c" "EXTRA_COMPILER_FLAGS=-g"
"Compiling gpio"
"Running Make libs in ps7_cortexa9_0/libsrc/led_ip_v1_0/src"
make -C ps7_cortexa9_0/libsrc/led_ip_v1_0/src -s libs  "SHELL=CMD" "COMPILER=arm-xilinx-eabi-gcc" "ARCHIVER=arm-xilinx-eabi-ar" "COMPILER_FLAGS=  -O2 -c" "EXTRA_COMPILER_FLAGS=-g"
"Compiling led_ip..."
"Running Make libs in ps7_cortexa9_0/libsrc/scugic_v2_1/src"
make -C ps7_cortexa9_0/libsrc/scugic_v2_1/src -s libs  "SHELL=CMD" "COMPILER=arm-xilinx-eabi-gcc" "ARCHIVER=arm-xilinx-eabi-ar" "COMPILER_FLAGS=  -O2 -c" "EXTRA_COMPILER_FLAGS=-g"
"Compiling scugic"
"Running Make libs in ps7_cortexa9_0/libsrc/scutimer_v2_0/src"
make -C ps7_cortexa9_0/libsrc/scutimer_v2_0/src -s libs  "SHELL=CMD" "COMPILER=arm-xilinx-eabi-gcc" "ARCHIVER=arm-xilinx-eabi-ar" "COMPILER_FLAGS=  -O2 -c" "EXTRA_COMPILER_FLAGS=-g"
"Compiling scutimer"
"Running Make libs in ps7_cortexa9_0/libsrc/scuwdt_v2_0/src"
make -C ps7_cortexa9_0/libsrc/scuwdt_v2_0/src -s libs  "SHELL=CMD" "COMPILER=arm-xilinx-eabi-gcc" "ARCHIVER=arm-xilinx-eabi-ar" "COMPILER_FLAGS=  -O2 -c" "EXTRA_COMPILER_FLAGS=-g"
"Compiling scuwdt"
"Running Make libs in ps7_cortexa9_0/libsrc/standalone_v4_2/src"
make -C ps7_cortexa9_0/libsrc/standalone_v4_2/src -s libs  "SHELL=CMD" "COMPILER=arm-xilinx-eabi-gcc" "ARCHIVER=arm-xilinx-eabi-ar" "COMPILER_FLAGS=  -O2 -c" "EXTRA_COMPILER_FLAGS=-g"
"Compiling standalone"
"Running Make libs in ps7_cortexa9_0/libsrc/uartps_v2_2/src"
make -C ps7_cortexa9_0/libsrc/uartps_v2_2/src -s libs  "SHELL=CMD" "COMPILER=arm-xilinx-eabi-gcc" "ARCHIVER=arm-xilinx-eabi-ar" "COMPILER_FLAGS=  -O2 -c" "EXTRA_COMPILER_FLAGS=-g"
"Compiling uartps"
"Running Make libs in ps7_cortexa9_0/libsrc/xadcps_v2_1/src"
make -C ps7_cortexa9_0/libsrc/xadcps_v2_1/src -s libs  "SHELL=CMD" "COMPILER=arm-xilinx-eabi-gcc" "ARCHIVER=arm-xilinx-eabi-ar" "COMPILER_FLAGS=  -O2 -c" "EXTRA_COMPILER_FLAGS=-g"
"Compiling xadcps"
'Finished building libraries'
14:49:46 **** Clean-only build of configuration Debug for project lab5part2 ****
make clean 
rm -rf  ./lab4.o  ./lab4.d  lab5part2.elf.size  lab5part2.elf
' '
14:49:47 **** Build of configuration Debug for project lab5part2 ****
make all 
'Building file: ../lab4.c'
'Invoking: ARM gcc compiler'
arm-xilinx-eabi-gcc -Wall -O0 -g3 -c -fmessage-length=0 -MT"lab4.o" -I../../lab5part2_bsp/ps7_cortexa9_0/include -MMD -MP -MF"lab4.d" -MT"lab4.d" -o "lab4.o" "../lab4.c"
'Finished building: ../lab4.c'
' '
'Building target: lab5part2.elf'
'Invoking: ARM gcc linker'
arm-xilinx-eabi-gcc -Wl,-T -Wl,../src/lscript.ld -L../../lab5part2_bsp/ps7_cortexa9_0/lib -o "lab5part2.elf"  ./lab4.o   -Wl,--start-group,-lxil,-lgcc,-lc,--end-group
'Finished building target: lab5part2.elf'
' '
'Invoking: ARM Print Size'
arm-xilinx-eabi-size lab5part2.elf  |tee "lab5part2.elf.size"
   text	   data	    bss	    dec	    hex	filename
  24012	   1192	  22564	  47768	   ba98	lab5part2.elf
'Finished building: lab5part2.elf.size'
' '
14:50:15 **** Incremental Build of configuration Debug for project lab5part2 ****
make all 
make: Nothing to be done for `all'.
14:52:00 **** Clean-only build of configuration Debug for project lab5part2 ****
make clean 
rm -rf  ./lab4.o  ./lab4.d  lab5part2.elf.size  lab5part2.elf
' '
14:52:00 **** Auto Build of configuration Debug for project lab5part2 ****
make all 
'Building file: ../lab4.c'
'Invoking: ARM gcc compiler'
arm-xilinx-eabi-gcc -Wall -O0 -g3 -c -fmessage-length=0 -MT"lab4.o" -I../../lab5part2_bsp/ps7_cortexa9_0/include -MMD -MP -MF"lab4.d" -MT"lab4.d" -o "lab4.o" "../lab4.c"
'Finished building: ../lab4.c'
' '
'Building target: lab5part2.elf'
'Invoking: ARM gcc linker'
arm-xilinx-eabi-gcc -Wl,-T -Wl,../src/lscript.ld -L../../lab5part2_bsp/ps7_cortexa9_0/lib -o "lab5part2.elf"  ./lab4.o   -Wl,--start-group,-lxil,-lgcc,-lc,--end-group
'Finished building target: lab5part2.elf'
' '
'Invoking: ARM Print Size'
arm-xilinx-eabi-size lab5part2.elf  |tee "lab5part2.elf.size"
   text	   data	    bss	    dec	    hex	filename
  24012	   1192	   8228	  33432	   8298	lab5part2.elf
'Finished building: lab5part2.elf.size'
' '
14:53:14 **** Incremental Build of configuration Debug for project lab5part2 ****
make all 
make: Nothing to be done for `all'.
07:51:07 **** Incremental Build of configuration Debug for project lab5part2 ****
make all 
make: Nothing to be done for `all'.
10:01:57 **** Build of project lab6SoC_bsp ****
make -k all 
"Running Make include in ps7_cortexa9_0/libsrc/bram_v4_0/src"
make -C ps7_cortexa9_0/libsrc/bram_v4_0/src -s include  "SHELL=CMD" "COMPILER=arm-xilinx-eabi-gcc" "ARCHIVER=arm-xilinx-eabi-ar" "COMPILER_FLAGS=  -O2 -c" "EXTRA_COMPILER_FLAGS=-g"
"Running Make include in ps7_cortexa9_0/libsrc/cpu_cortexa9_v2_1/src"
make -C ps7_cortexa9_0/libsrc/cpu_cortexa9_v2_1/src -s include  "SHELL=CMD" "COMPILER=arm-xilinx-eabi-gcc" "ARCHIVER=arm-xilinx-eabi-ar" "COMPILER_FLAGS=  -O2 -c" "EXTRA_COMPILER_FLAGS=-g"
"Running Make include in ps7_cortexa9_0/libsrc/devcfg_v3_2/src"
make -C ps7_cortexa9_0/libsrc/devcfg_v3_2/src -s include  "SHELL=CMD" "COMPILER=arm-xilinx-eabi-gcc" "ARCHIVER=arm-xilinx-eabi-ar" "COMPILER_FLAGS=  -O2 -c" "EXTRA_COMPILER_FLAGS=-g"
"Running Make include in ps7_cortexa9_0/libsrc/dmaps_v2_1/src"
make -C ps7_cortexa9_0/libsrc/dmaps_v2_1/src -s include  "SHELL=CMD" "COMPILER=arm-xilinx-eabi-gcc" "ARCHIVER=arm-xilinx-eabi-ar" "COMPILER_FLAGS=  -O2 -c" "EXTRA_COMPILER_FLAGS=-g"
"Running Make include in ps7_cortexa9_0/libsrc/gpio_v4_0/src"
make -C ps7_cortexa9_0/libsrc/gpio_v4_0/src -s include  "SHELL=CMD" "COMPILER=arm-xilinx-eabi-gcc" "ARCHIVER=arm-xilinx-eabi-ar" "COMPILER_FLAGS=  -O2 -c" "EXTRA_COMPILER_FLAGS=-g"
"Running Make include in ps7_cortexa9_0/libsrc/led_ip_v1_0/src"
make -C ps7_cortexa9_0/libsrc/led_ip_v1_0/src -s include  "SHELL=CMD" "COMPILER=arm-xilinx-eabi-gcc" "ARCHIVER=arm-xilinx-eabi-ar" "COMPILER_FLAGS=  -O2 -c" "EXTRA_COMPILER_FLAGS=-g"
"Running Make include in ps7_cortexa9_0/libsrc/scugic_v2_1/src"
make -C ps7_cortexa9_0/libsrc/scugic_v2_1/src -s include  "SHELL=CMD" "COMPILER=arm-xilinx-eabi-gcc" "ARCHIVER=arm-xilinx-eabi-ar" "COMPILER_FLAGS=  -O2 -c" "EXTRA_COMPILER_FLAGS=-g"
"Running Make include in ps7_cortexa9_0/libsrc/scutimer_v2_0/src"
make -C ps7_cortexa9_0/libsrc/scutimer_v2_0/src -s include  "SHELL=CMD" "COMPILER=arm-xilinx-eabi-gcc" "ARCHIVER=arm-xilinx-eabi-ar" "COMPILER_FLAGS=  -O2 -c" "EXTRA_COMPILER_FLAGS=-g"
"Running Make include in ps7_cortexa9_0/libsrc/scuwdt_v2_0/src"
make -C ps7_cortexa9_0/libsrc/scuwdt_v2_0/src -s include  "SHELL=CMD" "COMPILER=arm-xilinx-eabi-gcc" "ARCHIVER=arm-xilinx-eabi-ar" "COMPILER_FLAGS=  -O2 -c" "EXTRA_COMPILER_FLAGS=-g"
"Running Make include in ps7_cortexa9_0/libsrc/standalone_v4_2/src"
make -C ps7_cortexa9_0/libsrc/standalone_v4_2/src -s include  "SHELL=CMD" "COMPILER=arm-xilinx-eabi-gcc" "ARCHIVER=arm-xilinx-eabi-ar" "COMPILER_FLAGS=  -O2 -c" "EXTRA_COMPILER_FLAGS=-g"
"Running Make include in ps7_cortexa9_0/libsrc/uartps_v2_2/src"
make -C ps7_cortexa9_0/libsrc/uartps_v2_2/src -s include  "SHELL=CMD" "COMPILER=arm-xilinx-eabi-gcc" "ARCHIVER=arm-xilinx-eabi-ar" "COMPILER_FLAGS=  -O2 -c" "EXTRA_COMPILER_FLAGS=-g"
"Running Make include in ps7_cortexa9_0/libsrc/xadcps_v2_1/src"
make -C ps7_cortexa9_0/libsrc/xadcps_v2_1/src -s include  "SHELL=CMD" "COMPILER=arm-xilinx-eabi-gcc" "ARCHIVER=arm-xilinx-eabi-ar" "COMPILER_FLAGS=  -O2 -c" "EXTRA_COMPILER_FLAGS=-g"
"Running Make libs in ps7_cortexa9_0/libsrc/bram_v4_0/src"
make -C ps7_cortexa9_0/libsrc/bram_v4_0/src -s libs  "SHELL=CMD" "COMPILER=arm-xilinx-eabi-gcc" "ARCHIVER=arm-xilinx-eabi-ar" "COMPILER_FLAGS=  -O2 -c" "EXTRA_COMPILER_FLAGS=-g"
"Compiling bram"
arm-xilinx-eabi-ar: creating ../../../lib/libxil.a
"Running Make libs in ps7_cortexa9_0/libsrc/cpu_cortexa9_v2_1/src"
make -C ps7_cortexa9_0/libsrc/cpu_cortexa9_v2_1/src -s libs  "SHELL=CMD" "COMPILER=arm-xilinx-eabi-gcc" "ARCHIVER=arm-xilinx-eabi-ar" "COMPILER_FLAGS=  -O2 -c" "EXTRA_COMPILER_FLAGS=-g"
"Compiling cpu_cortexa9"
"Running Make libs in ps7_cortexa9_0/libsrc/devcfg_v3_2/src"
make -C ps7_cortexa9_0/libsrc/devcfg_v3_2/src -s libs  "SHELL=CMD" "COMPILER=arm-xilinx-eabi-gcc" "ARCHIVER=arm-xilinx-eabi-ar" "COMPILER_FLAGS=  -O2 -c" "EXTRA_COMPILER_FLAGS=-g"
"Compiling devcfg"
"Running Make libs in ps7_cortexa9_0/libsrc/dmaps_v2_1/src"
make -C ps7_cortexa9_0/libsrc/dmaps_v2_1/src -s libs  "SHELL=CMD" "COMPILER=arm-xilinx-eabi-gcc" "ARCHIVER=arm-xilinx-eabi-ar" "COMPILER_FLAGS=  -O2 -c" "EXTRA_COMPILER_FLAGS=-g"
"Compiling dmaps"
"Running Make libs in ps7_cortexa9_0/libsrc/gpio_v4_0/src"
make -C ps7_cortexa9_0/libsrc/gpio_v4_0/src -s libs  "SHELL=CMD" "COMPILER=arm-xilinx-eabi-gcc" "ARCHIVER=arm-xilinx-eabi-ar" "COMPILER_FLAGS=  -O2 -c" "EXTRA_COMPILER_FLAGS=-g"
"Compiling gpio"
"Running Make libs in ps7_cortexa9_0/libsrc/led_ip_v1_0/src"
make -C ps7_cortexa9_0/libsrc/led_ip_v1_0/src -s libs  "SHELL=CMD" "COMPILER=arm-xilinx-eabi-gcc" "ARCHIVER=arm-xilinx-eabi-ar" "COMPILER_FLAGS=  -O2 -c" "EXTRA_COMPILER_FLAGS=-g"
"Compiling led_ip..."
"Running Make libs in ps7_cortexa9_0/libsrc/scugic_v2_1/src"
make -C ps7_cortexa9_0/libsrc/scugic_v2_1/src -s libs  "SHELL=CMD" "COMPILER=arm-xilinx-eabi-gcc" "ARCHIVER=arm-xilinx-eabi-ar" "COMPILER_FLAGS=  -O2 -c" "EXTRA_COMPILER_FLAGS=-g"
"Compiling scugic"
"Running Make libs in ps7_cortexa9_0/libsrc/scutimer_v2_0/src"
make -C ps7_cortexa9_0/libsrc/scutimer_v2_0/src -s libs  "SHELL=CMD" "COMPILER=arm-xilinx-eabi-gcc" "ARCHIVER=arm-xilinx-eabi-ar" "COMPILER_FLAGS=  -O2 -c" "EXTRA_COMPILER_FLAGS=-g"
"Compiling scutimer"
"Running Make libs in ps7_cortexa9_0/libsrc/scuwdt_v2_0/src"
make -C ps7_cortexa9_0/libsrc/scuwdt_v2_0/src -s libs  "SHELL=CMD" "COMPILER=arm-xilinx-eabi-gcc" "ARCHIVER=arm-xilinx-eabi-ar" "COMPILER_FLAGS=  -O2 -c" "EXTRA_COMPILER_FLAGS=-g"
"Compiling scuwdt"
"Running Make libs in ps7_cortexa9_0/libsrc/standalone_v4_2/src"
make -C ps7_cortexa9_0/libsrc/standalone_v4_2/src -s libs  "SHELL=CMD" "COMPILER=arm-xilinx-eabi-gcc" "ARCHIVER=arm-xilinx-eabi-ar" "COMPILER_FLAGS=  -O2 -c" "EXTRA_COMPILER_FLAGS=-g"
"Compiling standalone"
"Running Make libs in ps7_cortexa9_0/libsrc/uartps_v2_2/src"
make -C ps7_cortexa9_0/libsrc/uartps_v2_2/src -s libs  "SHELL=CMD" "COMPILER=arm-xilinx-eabi-gcc" "ARCHIVER=arm-xilinx-eabi-ar" "COMPILER_FLAGS=  -O2 -c" "EXTRA_COMPILER_FLAGS=-g"
"Compiling uartps"
"Running Make libs in ps7_cortexa9_0/libsrc/xadcps_v2_1/src"
make -C ps7_cortexa9_0/libsrc/xadcps_v2_1/src -s libs  "SHELL=CMD" "COMPILER=arm-xilinx-eabi-gcc" "ARCHIVER=arm-xilinx-eabi-ar" "COMPILER_FLAGS=  -O2 -c" "EXTRA_COMPILER_FLAGS=-g"
"Compiling xadcps"
'Finished building libraries'
10:02:32 **** Build of configuration Debug for project lab6SoC ****
make all 
'Building file: ../src/helloworld.c'
'Invoking: ARM gcc compiler'
arm-xilinx-eabi-gcc -Wall -O0 -g3 -c -fmessage-length=0 -MT"src/helloworld.o" -I../../lab6SoC_bsp/ps7_cortexa9_0/include -MMD -MP -MF"src/helloworld.d" -MT"src/helloworld.d" -o "src/helloworld.o" "../src/helloworld.c"
'Finished building: ../src/helloworld.c'
' '
'Building file: ../src/platform.c'
'Invoking: ARM gcc compiler'
arm-xilinx-eabi-gcc -Wall -O0 -g3 -c -fmessage-length=0 -MT"src/platform.o" -I../../lab6SoC_bsp/ps7_cortexa9_0/include -MMD -MP -MF"src/platform.d" -MT"src/platform.d" -o "src/platform.o" "../src/platform.c"
../src/platform.c:33:25: fatal error: xparameters.h: No such file or directory
 #include "xparameters.h"
                         ^
compilation terminated.
make: *** [src/platform.o] ´íÎó 1
10:03:03 **** Build of project lab6SoC_bsp ****
make -k all 
"Running Make include in ps7_cortexa9_0/libsrc/bram_v4_0/src"
make -C ps7_cortexa9_0/libsrc/bram_v4_0/src -s include  "SHELL=CMD" "COMPILER=arm-xilinx-eabi-gcc" "ARCHIVER=arm-xilinx-eabi-ar" "COMPILER_FLAGS=  -O2 -c" "EXTRA_COMPILER_FLAGS=-g"
"Running Make include in ps7_cortexa9_0/libsrc/cpu_cortexa9_v2_1/src"
make -C ps7_cortexa9_0/libsrc/cpu_cortexa9_v2_1/src -s include  "SHELL=CMD" "COMPILER=arm-xilinx-eabi-gcc" "ARCHIVER=arm-xilinx-eabi-ar" "COMPILER_FLAGS=  -O2 -c" "EXTRA_COMPILER_FLAGS=-g"
"Running Make include in ps7_cortexa9_0/libsrc/devcfg_v3_2/src"
make -C ps7_cortexa9_0/libsrc/devcfg_v3_2/src -s include  "SHELL=CMD" "COMPILER=arm-xilinx-eabi-gcc" "ARCHIVER=arm-xilinx-eabi-ar" "COMPILER_FLAGS=  -O2 -c" "EXTRA_COMPILER_FLAGS=-g"
"Running Make include in ps7_cortexa9_0/libsrc/dmaps_v2_1/src"
make -C ps7_cortexa9_0/libsrc/dmaps_v2_1/src -s include  "SHELL=CMD" "COMPILER=arm-xilinx-eabi-gcc" "ARCHIVER=arm-xilinx-eabi-ar" "COMPILER_FLAGS=  -O2 -c" "EXTRA_COMPILER_FLAGS=-g"
"Running Make include in ps7_cortexa9_0/libsrc/gpio_v4_0/src"
make -C ps7_cortexa9_0/libsrc/gpio_v4_0/src -s include  "SHELL=CMD" "COMPILER=arm-xilinx-eabi-gcc" "ARCHIVER=arm-xilinx-eabi-ar" "COMPILER_FLAGS=  -O2 -c" "EXTRA_COMPILER_FLAGS=-g"
"Running Make include in ps7_cortexa9_0/libsrc/led_ip_v1_0/src"
make -C ps7_cortexa9_0/libsrc/led_ip_v1_0/src -s include  "SHELL=CMD" "COMPILER=arm-xilinx-eabi-gcc" "ARCHIVER=arm-xilinx-eabi-ar" "COMPILER_FLAGS=  -O2 -c" "EXTRA_COMPILER_FLAGS=-g"
"Running Make include in ps7_cortexa9_0/libsrc/scugic_v2_1/src"
make -C ps7_cortexa9_0/libsrc/scugic_v2_1/src -s include  "SHELL=CMD" "COMPILER=arm-xilinx-eabi-gcc" "ARCHIVER=arm-xilinx-eabi-ar" "COMPILER_FLAGS=  -O2 -c" "EXTRA_COMPILER_FLAGS=-g"
"Running Make include in ps7_cortexa9_0/libsrc/scutimer_v2_0/src"
make -C ps7_cortexa9_0/libsrc/scutimer_v2_0/src -s include  "SHELL=CMD" "COMPILER=arm-xilinx-eabi-gcc" "ARCHIVER=arm-xilinx-eabi-ar" "COMPILER_FLAGS=  -O2 -c" "EXTRA_COMPILER_FLAGS=-g"
"Running Make include in ps7_cortexa9_0/libsrc/scuwdt_v2_0/src"
make -C ps7_cortexa9_0/libsrc/scuwdt_v2_0/src -s include  "SHELL=CMD" "COMPILER=arm-xilinx-eabi-gcc" "ARCHIVER=arm-xilinx-eabi-ar" "COMPILER_FLAGS=  -O2 -c" "EXTRA_COMPILER_FLAGS=-g"
"Running Make include in ps7_cortexa9_0/libsrc/standalone_v4_2/src"
make -C ps7_cortexa9_0/libsrc/standalone_v4_2/src -s include  "SHELL=CMD" "COMPILER=arm-xilinx-eabi-gcc" "ARCHIVER=arm-xilinx-eabi-ar" "COMPILER_FLAGS=  -O2 -c" "EXTRA_COMPILER_FLAGS=-g"
"Running Make include in ps7_cortexa9_0/libsrc/uartps_v2_2/src"
make -C ps7_cortexa9_0/libsrc/uartps_v2_2/src -s include  "SHELL=CMD" "COMPILER=arm-xilinx-eabi-gcc" "ARCHIVER=arm-xilinx-eabi-ar" "COMPILER_FLAGS=  -O2 -c" "EXTRA_COMPILER_FLAGS=-g"
"Running Make include in ps7_cortexa9_0/libsrc/xadcps_v2_1/src"
make -C ps7_cortexa9_0/libsrc/xadcps_v2_1/src -s include  "SHELL=CMD" "COMPILER=arm-xilinx-eabi-gcc" "ARCHIVER=arm-xilinx-eabi-ar" "COMPILER_FLAGS=  -O2 -c" "EXTRA_COMPILER_FLAGS=-g"
"Running Make libs in ps7_cortexa9_0/libsrc/bram_v4_0/src"
make -C ps7_cortexa9_0/libsrc/bram_v4_0/src -s libs  "SHELL=CMD" "COMPILER=arm-xilinx-eabi-gcc" "ARCHIVER=arm-xilinx-eabi-ar" "COMPILER_FLAGS=  -O2 -c" "EXTRA_COMPILER_FLAGS=-g"
"Compiling bram"
arm-xilinx-eabi-ar: creating ../../../lib/libxil.a
"Running Make libs in ps7_cortexa9_0/libsrc/cpu_cortexa9_v2_1/src"
make -C ps7_cortexa9_0/libsrc/cpu_cortexa9_v2_1/src -s libs  "SHELL=CMD" "COMPILER=arm-xilinx-eabi-gcc" "ARCHIVER=arm-xilinx-eabi-ar" "COMPILER_FLAGS=  -O2 -c" "EXTRA_COMPILER_FLAGS=-g"
"Compiling cpu_cortexa9"
"Running Make libs in ps7_cortexa9_0/libsrc/devcfg_v3_2/src"
make -C ps7_cortexa9_0/libsrc/devcfg_v3_2/src -s libs  "SHELL=CMD" "COMPILER=arm-xilinx-eabi-gcc" "ARCHIVER=arm-xilinx-eabi-ar" "COMPILER_FLAGS=  -O2 -c" "EXTRA_COMPILER_FLAGS=-g"
"Compiling devcfg"
"Running Make libs in ps7_cortexa9_0/libsrc/dmaps_v2_1/src"
make -C ps7_cortexa9_0/libsrc/dmaps_v2_1/src -s libs  "SHELL=CMD" "COMPILER=arm-xilinx-eabi-gcc" "ARCHIVER=arm-xilinx-eabi-ar" "COMPILER_FLAGS=  -O2 -c" "EXTRA_COMPILER_FLAGS=-g"
"Compiling dmaps"
"Running Make libs in ps7_cortexa9_0/libsrc/gpio_v4_0/src"
make -C ps7_cortexa9_0/libsrc/gpio_v4_0/src -s libs  "SHELL=CMD" "COMPILER=arm-xilinx-eabi-gcc" "ARCHIVER=arm-xilinx-eabi-ar" "COMPILER_FLAGS=  -O2 -c" "EXTRA_COMPILER_FLAGS=-g"
"Compiling gpio"
"Running Make libs in ps7_cortexa9_0/libsrc/led_ip_v1_0/src"
make -C ps7_cortexa9_0/libsrc/led_ip_v1_0/src -s libs  "SHELL=CMD" "COMPILER=arm-xilinx-eabi-gcc" "ARCHIVER=arm-xilinx-eabi-ar" "COMPILER_FLAGS=  -O2 -c" "EXTRA_COMPILER_FLAGS=-g"
"Compiling led_ip..."
"Running Make libs in ps7_cortexa9_0/libsrc/scugic_v2_1/src"
make -C ps7_cortexa9_0/libsrc/scugic_v2_1/src -s libs  "SHELL=CMD" "COMPILER=arm-xilinx-eabi-gcc" "ARCHIVER=arm-xilinx-eabi-ar" "COMPILER_FLAGS=  -O2 -c" "EXTRA_COMPILER_FLAGS=-g"
"Compiling scugic"
"Running Make libs in ps7_cortexa9_0/libsrc/scutimer_v2_0/src"
make -C ps7_cortexa9_0/libsrc/scutimer_v2_0/src -s libs  "SHELL=CMD" "COMPILER=arm-xilinx-eabi-gcc" "ARCHIVER=arm-xilinx-eabi-ar" "COMPILER_FLAGS=  -O2 -c" "EXTRA_COMPILER_FLAGS=-g"
"Compiling scutimer"
"Running Make libs in ps7_cortexa9_0/libsrc/scuwdt_v2_0/src"
make -C ps7_cortexa9_0/libsrc/scuwdt_v2_0/src -s libs  "SHELL=CMD" "COMPILER=arm-xilinx-eabi-gcc" "ARCHIVER=arm-xilinx-eabi-ar" "COMPILER_FLAGS=  -O2 -c" "EXTRA_COMPILER_FLAGS=-g"
"Compiling scuwdt"
"Running Make libs in ps7_cortexa9_0/libsrc/standalone_v4_2/src"
make -C ps7_cortexa9_0/libsrc/standalone_v4_2/src -s libs  "SHELL=CMD" "COMPILER=arm-xilinx-eabi-gcc" "ARCHIVER=arm-xilinx-eabi-ar" "COMPILER_FLAGS=  -O2 -c" "EXTRA_COMPILER_FLAGS=-g"
"Compiling standalone"
"Running Make libs in ps7_cortexa9_0/libsrc/uartps_v2_2/src"
make -C ps7_cortexa9_0/libsrc/uartps_v2_2/src -s libs  "SHELL=CMD" "COMPILER=arm-xilinx-eabi-gcc" "ARCHIVER=arm-xilinx-eabi-ar" "COMPILER_FLAGS=  -O2 -c" "EXTRA_COMPILER_FLAGS=-g"
"Compiling uartps"
"Running Make libs in ps7_cortexa9_0/libsrc/xadcps_v2_1/src"
make -C ps7_cortexa9_0/libsrc/xadcps_v2_1/src -s libs  "SHELL=CMD" "COMPILER=arm-xilinx-eabi-gcc" "ARCHIVER=arm-xilinx-eabi-ar" "COMPILER_FLAGS=  -O2 -c" "EXTRA_COMPILER_FLAGS=-g"
"Compiling xadcps"
'Finished building libraries'

**** Build of configuration Debug for project lab6SoC ****

Nothing to build for project lab6SoC
10:04:06 **** Auto Build of configuration Debug for project lab6SoC ****
make all 
'Building file: ../lab5.c'
'Invoking: ARM gcc compiler'
arm-xilinx-eabi-gcc -Wall -O0 -g3 -c -fmessage-length=0 -MT"lab5.o" -I../../lab6SoC_bsp/ps7_cortexa9_0/include -MMD -MP -MF"lab5.d" -MT"lab5.d" -o "lab5.o" "../lab5.c"
../lab5.c:7:1: error: unknown type name 'XScuTimer'
 XScuTimer Timer;  /* Cortex A9 SCU Private Timer Instance */
 ^
../lab5.c: In function 'main':
../lab5.c:18:4: error: unknown type name 'XScuTimer_Config'
    XScuTimer_Config *ConfigPtr;
    ^
../lab5.c:19:4: error: unknown type name 'XScuTimer'
    XScuTimer *TimerInstancePtr = &Timer;
    ^
../lab5.c:48:5: warning: implicit declaration of function 'XScuTimer_Stop' [-Wimplicit-function-declaration]
     XScuTimer_Stop(TimerInstancePtr);
     ^
../lab5.c:59:4: warning: implicit declaration of function 'XScuTimer_IsExpired' [-Wimplicit-function-declaration]
    if(XScuTimer_IsExpired(TimerInstancePtr)) {
    ^
../lab5.c:18:22: warning: unused variable 'ConfigPtr' [-Wunused-variable]
    XScuTimer_Config *ConfigPtr;
                      ^
../lab5.c:15:53: warning: unused variable 'Status' [-Wunused-variable]
    int psb_check, dip_check, dip_check_prev, count, Status;
                                                     ^
../lab5.c:15:46: warning: variable 'count' set but not used [-Wunused-but-set-variable]
    int psb_check, dip_check, dip_check_prev, count, Status;
                                              ^
make: *** [lab5.o] ´íÎó 1
10:05:51 **** Auto Build of configuration Debug for project lab6SoC ****
make all 
'Building file: ../lab5.c'
'Invoking: ARM gcc compiler'
arm-xilinx-eabi-gcc -Wall -O0 -g3 -c -fmessage-length=0 -MT"lab5.o" -I../../lab6SoC_bsp/ps7_cortexa9_0/include -MMD -MP -MF"lab5.d" -MT"lab5.d" -o "lab5.o" "../lab5.c"
../lab5.c: In function 'main':
../lab5.c:19:22: warning: unused variable 'ConfigPtr' [-Wunused-variable]
    XScuTimer_Config *ConfigPtr;
                      ^
../lab5.c:16:53: warning: unused variable 'Status' [-Wunused-variable]
    int psb_check, dip_check, dip_check_prev, count, Status;
                                                     ^
../lab5.c:16:46: warning: variable 'count' set but not used [-Wunused-but-set-variable]
    int psb_check, dip_check, dip_check_prev, count, Status;
                                              ^
'Finished building: ../lab5.c'
' '
'Building target: lab6SoC.elf'
'Invoking: ARM gcc linker'
arm-xilinx-eabi-gcc -Wl,-T -Wl,../src/lscript.ld -L../../lab6SoC_bsp/ps7_cortexa9_0/lib -o "lab6SoC.elf"  ./lab5.o   -Wl,--start-group,-lxil,-lgcc,-lc,--end-group
'Finished building target: lab6SoC.elf'
' '
'Invoking: ARM Print Size'
arm-xilinx-eabi-size lab6SoC.elf  |tee "lab6SoC.elf.size"
   text	   data	    bss	    dec	    hex	filename
  24928	   1192	  22580	  48700	   be3c	lab6SoC.elf
'Finished building: lab6SoC.elf.size'
' '
10:06:37 **** Auto Build of configuration Debug for project lab6SoC ****
make all 
'Building file: ../lab5.c'
'Invoking: ARM gcc compiler'
arm-xilinx-eabi-gcc -Wall -O0 -g3 -c -fmessage-length=0 -MT"lab5.o" -I../../lab6SoC_bsp/ps7_cortexa9_0/include -MMD -MP -MF"lab5.d" -MT"lab5.d" -o "lab5.o" "../lab5.c"
../lab5.c: In function 'main':
../lab5.c:16:53: warning: variable 'Status' set but not used [-Wunused-but-set-variable]
    int psb_check, dip_check, dip_check_prev, count, Status;
                                                     ^
../lab5.c:16:46: warning: variable 'count' set but not used [-Wunused-but-set-variable]
    int psb_check, dip_check, dip_check_prev, count, Status;
                                              ^
'Finished building: ../lab5.c'
' '
'Building target: lab6SoC.elf'
'Invoking: ARM gcc linker'
arm-xilinx-eabi-gcc -Wl,-T -Wl,../src/lscript.ld -L../../lab6SoC_bsp/ps7_cortexa9_0/lib -o "lab6SoC.elf"  ./lab5.o   -Wl,--start-group,-lxil,-lgcc,-lc,--end-group
'Finished building target: lab6SoC.elf'
' '
'Invoking: ARM Print Size'
arm-xilinx-eabi-size lab6SoC.elf  |tee "lab6SoC.elf.size"
   text	   data	    bss	    dec	    hex	filename
  24992	   1200	  22580	  48772	   be84	lab6SoC.elf
'Finished building: lab6SoC.elf.size'
' '
10:06:59 **** Auto Build of configuration Debug for project lab6SoC ****
make all 
'Building file: ../lab5.c'
'Invoking: ARM gcc compiler'
arm-xilinx-eabi-gcc -Wall -O0 -g3 -c -fmessage-length=0 -MT"lab5.o" -I../../lab6SoC_bsp/ps7_cortexa9_0/include -MMD -MP -MF"lab5.d" -MT"lab5.d" -o "lab5.o" "../lab5.c"
../lab5.c: In function 'main':
../lab5.c:16:46: warning: variable 'count' set but not used [-Wunused-but-set-variable]
    int psb_check, dip_check, dip_check_prev, count, Status;
                                              ^
'Finished building: ../lab5.c'
' '
'Building target: lab6SoC.elf'
'Invoking: ARM gcc linker'
arm-xilinx-eabi-gcc -Wl,-T -Wl,../src/lscript.ld -L../../lab6SoC_bsp/ps7_cortexa9_0/lib -o "lab6SoC.elf"  ./lab5.o   -Wl,--start-group,-lxil,-lgcc,-lc,--end-group
'Finished building target: lab6SoC.elf'
' '
'Invoking: ARM Print Size'
arm-xilinx-eabi-size lab6SoC.elf  |tee "lab6SoC.elf.size"
   text	   data	    bss	    dec	    hex	filename
  25016	   1200	  22580	  48796	   be9c	lab6SoC.elf
'Finished building: lab6SoC.elf.size'
' '
10:07:47 **** Auto Build of configuration Debug for project lab6SoC ****
make all 
'Building file: ../lab5.c'
'Invoking: ARM gcc compiler'
arm-xilinx-eabi-gcc -Wall -O0 -g3 -c -fmessage-length=0 -MT"lab5.o" -I../../lab6SoC_bsp/ps7_cortexa9_0/include -MMD -MP -MF"lab5.d" -MT"lab5.d" -o "lab5.o" "../lab5.c"
../lab5.c: In function 'main':
../lab5.c:16:46: warning: variable 'count' set but not used [-Wunused-but-set-variable]
    int psb_check, dip_check, dip_check_prev, count, Status;
                                              ^
'Finished building: ../lab5.c'
' '
'Building target: lab6SoC.elf'
'Invoking: ARM gcc linker'
arm-xilinx-eabi-gcc -Wl,-T -Wl,../src/lscript.ld -L../../lab6SoC_bsp/ps7_cortexa9_0/lib -o "lab6SoC.elf"  ./lab5.o   -Wl,--start-group,-lxil,-lgcc,-lc,--end-group
'Finished building target: lab6SoC.elf'
' '
'Invoking: ARM Print Size'
arm-xilinx-eabi-size lab6SoC.elf  |tee "lab6SoC.elf.size"
   text	   data	    bss	    dec	    hex	filename
  25144	   1200	  22580	  48924	   bf1c	lab6SoC.elf
'Finished building: lab6SoC.elf.size'
' '
10:08:17 **** Auto Build of configuration Debug for project lab6SoC ****
make all 
'Building file: ../lab5.c'
'Invoking: ARM gcc compiler'
arm-xilinx-eabi-gcc -Wall -O0 -g3 -c -fmessage-length=0 -MT"lab5.o" -I../../lab6SoC_bsp/ps7_cortexa9_0/include -MMD -MP -MF"lab5.d" -MT"lab5.d" -o "lab5.o" "../lab5.c"
../lab5.c: In function 'main':
../lab5.c:16:46: warning: variable 'count' set but not used [-Wunused-but-set-variable]
    int psb_check, dip_check, dip_check_prev, count, Status;
                                              ^
'Finished building: ../lab5.c'
' '
'Building target: lab6SoC.elf'
'Invoking: ARM gcc linker'
arm-xilinx-eabi-gcc -Wl,-T -Wl,../src/lscript.ld -L../../lab6SoC_bsp/ps7_cortexa9_0/lib -o "lab6SoC.elf"  ./lab5.o   -Wl,--start-group,-lxil,-lgcc,-lc,--end-group
'Finished building target: lab6SoC.elf'
' '
'Invoking: ARM Print Size'
arm-xilinx-eabi-size lab6SoC.elf  |tee "lab6SoC.elf.size"
   text	   data	    bss	    dec	    hex	filename
  25144	   1200	  22580	  48924	   bf1c	lab6SoC.elf
'Finished building: lab6SoC.elf.size'
' '
10:08:43 **** Auto Build of configuration Debug for project lab6SoC ****
make all 
'Building file: ../lab5.c'
'Invoking: ARM gcc compiler'
arm-xilinx-eabi-gcc -Wall -O0 -g3 -c -fmessage-length=0 -MT"lab5.o" -I../../lab6SoC_bsp/ps7_cortexa9_0/include -MMD -MP -MF"lab5.d" -MT"lab5.d" -o "lab5.o" "../lab5.c"
'Finished building: ../lab5.c'
' '
'Building target: lab6SoC.elf'
'Invoking: ARM gcc linker'
arm-xilinx-eabi-gcc -Wl,-T -Wl,../src/lscript.ld -L../../lab6SoC_bsp/ps7_cortexa9_0/lib -o "lab6SoC.elf"  ./lab5.o   -Wl,--start-group,-lxil,-lgcc,-lc,--end-group
'Finished building target: lab6SoC.elf'
' '
'Invoking: ARM Print Size'
arm-xilinx-eabi-size lab6SoC.elf  |tee "lab6SoC.elf.size"
   text	   data	    bss	    dec	    hex	filename
  25272	   1200	  22580	  49052	   bf9c	lab6SoC.elf
'Finished building: lab6SoC.elf.size'
' '
10:10:22 **** Auto Build of project lab6SoC_bsp ****
make -k all 
"Running Make include in ps7_cortexa9_0/libsrc/bram_v4_0/src"
make -C ps7_cortexa9_0/libsrc/bram_v4_0/src -s include  "SHELL=CMD" "COMPILER=arm-xilinx-eabi-gcc" "ARCHIVER=arm-xilinx-eabi-ar" "COMPILER_FLAGS=  -O2 -c" "EXTRA_COMPILER_FLAGS=-g"
"Running Make include in ps7_cortexa9_0/libsrc/cpu_cortexa9_v2_1/src"
make -C ps7_cortexa9_0/libsrc/cpu_cortexa9_v2_1/src -s include  "SHELL=CMD" "COMPILER=arm-xilinx-eabi-gcc" "ARCHIVER=arm-xilinx-eabi-ar" "COMPILER_FLAGS=  -O2 -c" "EXTRA_COMPILER_FLAGS=-g"
"Running Make include in ps7_cortexa9_0/libsrc/devcfg_v3_2/src"
make -C ps7_cortexa9_0/libsrc/devcfg_v3_2/src -s include  "SHELL=CMD" "COMPILER=arm-xilinx-eabi-gcc" "ARCHIVER=arm-xilinx-eabi-ar" "COMPILER_FLAGS=  -O2 -c" "EXTRA_COMPILER_FLAGS=-g"
"Running Make include in ps7_cortexa9_0/libsrc/dmaps_v2_1/src"
make -C ps7_cortexa9_0/libsrc/dmaps_v2_1/src -s include  "SHELL=CMD" "COMPILER=arm-xilinx-eabi-gcc" "ARCHIVER=arm-xilinx-eabi-ar" "COMPILER_FLAGS=  -O2 -c" "EXTRA_COMPILER_FLAGS=-g"
"Running Make include in ps7_cortexa9_0/libsrc/gpio_v4_0/src"
make -C ps7_cortexa9_0/libsrc/gpio_v4_0/src -s include  "SHELL=CMD" "COMPILER=arm-xilinx-eabi-gcc" "ARCHIVER=arm-xilinx-eabi-ar" "COMPILER_FLAGS=  -O2 -c" "EXTRA_COMPILER_FLAGS=-g"
"Running Make include in ps7_cortexa9_0/libsrc/led_ip_v1_0/src"
make -C ps7_cortexa9_0/libsrc/led_ip_v1_0/src -s include  "SHELL=CMD" "COMPILER=arm-xilinx-eabi-gcc" "ARCHIVER=arm-xilinx-eabi-ar" "COMPILER_FLAGS=  -O2 -c" "EXTRA_COMPILER_FLAGS=-g"
"Running Make include in ps7_cortexa9_0/libsrc/scugic_v2_1/src"
make -C ps7_cortexa9_0/libsrc/scugic_v2_1/src -s include  "SHELL=CMD" "COMPILER=arm-xilinx-eabi-gcc" "ARCHIVER=arm-xilinx-eabi-ar" "COMPILER_FLAGS=  -O2 -c" "EXTRA_COMPILER_FLAGS=-g"
"Running Make include in ps7_cortexa9_0/libsrc/scutimer_v2_0/src"
make -C ps7_cortexa9_0/libsrc/scutimer_v2_0/src -s include  "SHELL=CMD" "COMPILER=arm-xilinx-eabi-gcc" "ARCHIVER=arm-xilinx-eabi-ar" "COMPILER_FLAGS=  -O2 -c" "EXTRA_COMPILER_FLAGS=-g"
"Running Make include in ps7_cortexa9_0/libsrc/scuwdt_v2_0/src"
make -C ps7_cortexa9_0/libsrc/scuwdt_v2_0/src -s include  "SHELL=CMD" "COMPILER=arm-xilinx-eabi-gcc" "ARCHIVER=arm-xilinx-eabi-ar" "COMPILER_FLAGS=  -O2 -c" "EXTRA_COMPILER_FLAGS=-g"
"Running Make include in ps7_cortexa9_0/libsrc/standalone_v4_2/src"
make -C ps7_cortexa9_0/libsrc/standalone_v4_2/src -s include  "SHELL=CMD" "COMPILER=arm-xilinx-eabi-gcc" "ARCHIVER=arm-xilinx-eabi-ar" "COMPILER_FLAGS=  -O2 -c" "EXTRA_COMPILER_FLAGS=-g"
"Running Make include in ps7_cortexa9_0/libsrc/uartps_v2_2/src"
make -C ps7_cortexa9_0/libsrc/uartps_v2_2/src -s include  "SHELL=CMD" "COMPILER=arm-xilinx-eabi-gcc" "ARCHIVER=arm-xilinx-eabi-ar" "COMPILER_FLAGS=  -O2 -c" "EXTRA_COMPILER_FLAGS=-g"
"Running Make include in ps7_cortexa9_0/libsrc/xadcps_v2_1/src"
make -C ps7_cortexa9_0/libsrc/xadcps_v2_1/src -s include  "SHELL=CMD" "COMPILER=arm-xilinx-eabi-gcc" "ARCHIVER=arm-xilinx-eabi-ar" "COMPILER_FLAGS=  -O2 -c" "EXTRA_COMPILER_FLAGS=-g"
"Running Make libs in ps7_cortexa9_0/libsrc/bram_v4_0/src"
make -C ps7_cortexa9_0/libsrc/bram_v4_0/src -s libs  "SHELL=CMD" "COMPILER=arm-xilinx-eabi-gcc" "ARCHIVER=arm-xilinx-eabi-ar" "COMPILER_FLAGS=  -O2 -c" "EXTRA_COMPILER_FLAGS=-g"
"Compiling bram"
"Running Make libs in ps7_cortexa9_0/libsrc/cpu_cortexa9_v2_1/src"
make -C ps7_cortexa9_0/libsrc/cpu_cortexa9_v2_1/src -s libs  "SHELL=CMD" "COMPILER=arm-xilinx-eabi-gcc" "ARCHIVER=arm-xilinx-eabi-ar" "COMPILER_FLAGS=  -O2 -c" "EXTRA_COMPILER_FLAGS=-g"
"Compiling cpu_cortexa9"
"Running Make libs in ps7_cortexa9_0/libsrc/devcfg_v3_2/src"
make -C ps7_cortexa9_0/libsrc/devcfg_v3_2/src -s libs  "SHELL=CMD" "COMPILER=arm-xilinx-eabi-gcc" "ARCHIVER=arm-xilinx-eabi-ar" "COMPILER_FLAGS=  -O2 -c" "EXTRA_COMPILER_FLAGS=-g"
"Compiling devcfg"
"Running Make libs in ps7_cortexa9_0/libsrc/dmaps_v2_1/src"
make -C ps7_cortexa9_0/libsrc/dmaps_v2_1/src -s libs  "SHELL=CMD" "COMPILER=arm-xilinx-eabi-gcc" "ARCHIVER=arm-xilinx-eabi-ar" "COMPILER_FLAGS=  -O2 -c" "EXTRA_COMPILER_FLAGS=-g"
"Compiling dmaps"
"Running Make libs in ps7_cortexa9_0/libsrc/gpio_v4_0/src"
make -C ps7_cortexa9_0/libsrc/gpio_v4_0/src -s libs  "SHELL=CMD" "COMPILER=arm-xilinx-eabi-gcc" "ARCHIVER=arm-xilinx-eabi-ar" "COMPILER_FLAGS=  -O2 -c" "EXTRA_COMPILER_FLAGS=-g"
"Compiling gpio"
"Running Make libs in ps7_cortexa9_0/libsrc/led_ip_v1_0/src"
make -C ps7_cortexa9_0/libsrc/led_ip_v1_0/src -s libs  "SHELL=CMD" "COMPILER=arm-xilinx-eabi-gcc" "ARCHIVER=arm-xilinx-eabi-ar" "COMPILER_FLAGS=  -O2 -c" "EXTRA_COMPILER_FLAGS=-g"
"Compiling led_ip..."
"Running Make libs in ps7_cortexa9_0/libsrc/scugic_v2_1/src"
make -C ps7_cortexa9_0/libsrc/scugic_v2_1/src -s libs  "SHELL=CMD" "COMPILER=arm-xilinx-eabi-gcc" "ARCHIVER=arm-xilinx-eabi-ar" "COMPILER_FLAGS=  -O2 -c" "EXTRA_COMPILER_FLAGS=-g"
"Compiling scugic"
"Running Make libs in ps7_cortexa9_0/libsrc/scutimer_v2_0/src"
make -C ps7_cortexa9_0/libsrc/scutimer_v2_0/src -s libs  "SHELL=CMD" "COMPILER=arm-xilinx-eabi-gcc" "ARCHIVER=arm-xilinx-eabi-ar" "COMPILER_FLAGS=  -O2 -c" "EXTRA_COMPILER_FLAGS=-g"
"Compiling scutimer"
"Running Make libs in ps7_cortexa9_0/libsrc/scuwdt_v2_0/src"
make -C ps7_cortexa9_0/libsrc/scuwdt_v2_0/src -s libs  "SHELL=CMD" "COMPILER=arm-xilinx-eabi-gcc" "ARCHIVER=arm-xilinx-eabi-ar" "COMPILER_FLAGS=  -O2 -c" "EXTRA_COMPILER_FLAGS=-g"
"Compiling scuwdt"
"Running Make libs in ps7_cortexa9_0/libsrc/standalone_v4_2/src"
make -C ps7_cortexa9_0/libsrc/standalone_v4_2/src -s libs  "SHELL=CMD" "COMPILER=arm-xilinx-eabi-gcc" "ARCHIVER=arm-xilinx-eabi-ar" "COMPILER_FLAGS=  -O2 -c" "EXTRA_COMPILER_FLAGS=-g"
"Compiling standalone"
"Running Make libs in ps7_cortexa9_0/libsrc/uartps_v2_2/src"
make -C ps7_cortexa9_0/libsrc/uartps_v2_2/src -s libs  "SHELL=CMD" "COMPILER=arm-xilinx-eabi-gcc" "ARCHIVER=arm-xilinx-eabi-ar" "COMPILER_FLAGS=  -O2 -c" "EXTRA_COMPILER_FLAGS=-g"
"Compiling uartps"
"Running Make libs in ps7_cortexa9_0/libsrc/xadcps_v2_1/src"
make -C ps7_cortexa9_0/libsrc/xadcps_v2_1/src -s libs  "SHELL=CMD" "COMPILER=arm-xilinx-eabi-gcc" "ARCHIVER=arm-xilinx-eabi-ar" "COMPILER_FLAGS=  -O2 -c" "EXTRA_COMPILER_FLAGS=-g"
"Compiling xadcps"
'Finished building libraries'
10:10:42 **** Auto Build of configuration Debug for project lab6SoC ****
make all 
'Building file: ../lab5.c'
'Invoking: ARM gcc compiler'
arm-xilinx-eabi-gcc -Wall -O0 -g3 -c -fmessage-length=0 -MT"lab5.o" -I../../lab6SoC_bsp/ps7_cortexa9_0/include -MMD -MP -MF"lab5.d" -MT"lab5.d" -o "lab5.o" "../lab5.c"
'Finished building: ../lab5.c'
' '
'Building target: lab6SoC.elf'
'Invoking: ARM gcc linker'
arm-xilinx-eabi-gcc -Wl,-T -Wl,../src/lscript.ld -L../../lab6SoC_bsp/ps7_cortexa9_0/lib -o "lab6SoC.elf"  ./lab5.o   -Wl,--start-group,-lxil,-lgcc,-lc,--end-group
'Finished building target: lab6SoC.elf'
' '
'Invoking: ARM Print Size'
arm-xilinx-eabi-size lab6SoC.elf  |tee "lab6SoC.elf.size"
   text	   data	    bss	    dec	    hex	filename
  25272	   1200	  22580	  49052	   bf9c	lab6SoC.elf
'Finished building: lab6SoC.elf.size'
' '
10:11:00 **** Incremental Build of configuration Debug for project lab6SoC ****
make all 
make: Nothing to be done for `all'.
10:16:16 **** Incremental Build of configuration Debug for project lab6SoC ****
make all 
make: Nothing to be done for `all'.
10:17:04 **** Incremental Build of configuration Debug for project lab6SoC ****
make all 
make: Nothing to be done for `all'.
10:20:14 **** Incremental Build of configuration Debug for project lab6SoC ****
make all 
make: Nothing to be done for `all'.
10:25:14 **** Incremental Build of configuration Debug for project lab6SoC ****
make all 
make: Nothing to be done for `all'.
10:25:40 **** Incremental Build of configuration Debug for project lab6SoC ****
make all 
make: Nothing to be done for `all'.
11:10:05 **** Auto Build of project lab6SoC_bsp ****
make -k all 
"Running Make include in ps7_cortexa9_0/libsrc/bram_v4_0/src"
make -C ps7_cortexa9_0/libsrc/bram_v4_0/src -s include  "SHELL=CMD" "COMPILER=arm-xilinx-eabi-gcc" "ARCHIVER=arm-xilinx-eabi-ar" "COMPILER_FLAGS=  -O2 -c" "EXTRA_COMPILER_FLAGS=-g"
"Running Make include in ps7_cortexa9_0/libsrc/cpu_cortexa9_v2_1/src"
make -C ps7_cortexa9_0/libsrc/cpu_cortexa9_v2_1/src -s include  "SHELL=CMD" "COMPILER=arm-xilinx-eabi-gcc" "ARCHIVER=arm-xilinx-eabi-ar" "COMPILER_FLAGS=  -O2 -c" "EXTRA_COMPILER_FLAGS=-g"
"Running Make include in ps7_cortexa9_0/libsrc/devcfg_v3_2/src"
make -C ps7_cortexa9_0/libsrc/devcfg_v3_2/src -s include  "SHELL=CMD" "COMPILER=arm-xilinx-eabi-gcc" "ARCHIVER=arm-xilinx-eabi-ar" "COMPILER_FLAGS=  -O2 -c" "EXTRA_COMPILER_FLAGS=-g"
"Running Make include in ps7_cortexa9_0/libsrc/dmaps_v2_1/src"
make -C ps7_cortexa9_0/libsrc/dmaps_v2_1/src -s include  "SHELL=CMD" "COMPILER=arm-xilinx-eabi-gcc" "ARCHIVER=arm-xilinx-eabi-ar" "COMPILER_FLAGS=  -O2 -c" "EXTRA_COMPILER_FLAGS=-g"
"Running Make include in ps7_cortexa9_0/libsrc/gpio_v4_0/src"
make -C ps7_cortexa9_0/libsrc/gpio_v4_0/src -s include  "SHELL=CMD" "COMPILER=arm-xilinx-eabi-gcc" "ARCHIVER=arm-xilinx-eabi-ar" "COMPILER_FLAGS=  -O2 -c" "EXTRA_COMPILER_FLAGS=-g"
"Running Make include in ps7_cortexa9_0/libsrc/led_ip_v1_0/src"
make -C ps7_cortexa9_0/libsrc/led_ip_v1_0/src -s include  "SHELL=CMD" "COMPILER=arm-xilinx-eabi-gcc" "ARCHIVER=arm-xilinx-eabi-ar" "COMPILER_FLAGS=  -O2 -c" "EXTRA_COMPILER_FLAGS=-g"
"Running Make include in ps7_cortexa9_0/libsrc/scugic_v2_1/src"
make -C ps7_cortexa9_0/libsrc/scugic_v2_1/src -s include  "SHELL=CMD" "COMPILER=arm-xilinx-eabi-gcc" "ARCHIVER=arm-xilinx-eabi-ar" "COMPILER_FLAGS=  -O2 -c" "EXTRA_COMPILER_FLAGS=-g"
"Running Make include in ps7_cortexa9_0/libsrc/scutimer_v2_0/src"
make -C ps7_cortexa9_0/libsrc/scutimer_v2_0/src -s include  "SHELL=CMD" "COMPILER=arm-xilinx-eabi-gcc" "ARCHIVER=arm-xilinx-eabi-ar" "COMPILER_FLAGS=  -O2 -c" "EXTRA_COMPILER_FLAGS=-g"
"Running Make include in ps7_cortexa9_0/libsrc/scuwdt_v2_0/src"
make -C ps7_cortexa9_0/libsrc/scuwdt_v2_0/src -s include  "SHELL=CMD" "COMPILER=arm-xilinx-eabi-gcc" "ARCHIVER=arm-xilinx-eabi-ar" "COMPILER_FLAGS=  -O2 -c" "EXTRA_COMPILER_FLAGS=-g"
"Running Make include in ps7_cortexa9_0/libsrc/standalone_v4_2/src"
make -C ps7_cortexa9_0/libsrc/standalone_v4_2/src -s include  "SHELL=CMD" "COMPILER=arm-xilinx-eabi-gcc" "ARCHIVER=arm-xilinx-eabi-ar" "COMPILER_FLAGS=  -O2 -c" "EXTRA_COMPILER_FLAGS=-g"
"Running Make include in ps7_cortexa9_0/libsrc/uartps_v2_2/src"
make -C ps7_cortexa9_0/libsrc/uartps_v2_2/src -s include  "SHELL=CMD" "COMPILER=arm-xilinx-eabi-gcc" "ARCHIVER=arm-xilinx-eabi-ar" "COMPILER_FLAGS=  -O2 -c" "EXTRA_COMPILER_FLAGS=-g"
"Running Make include in ps7_cortexa9_0/libsrc/xadcps_v2_1/src"
make -C ps7_cortexa9_0/libsrc/xadcps_v2_1/src -s include  "SHELL=CMD" "COMPILER=arm-xilinx-eabi-gcc" "ARCHIVER=arm-xilinx-eabi-ar" "COMPILER_FLAGS=  -O2 -c" "EXTRA_COMPILER_FLAGS=-g"
"Running Make libs in ps7_cortexa9_0/libsrc/bram_v4_0/src"
make -C ps7_cortexa9_0/libsrc/bram_v4_0/src -s libs  "SHELL=CMD" "COMPILER=arm-xilinx-eabi-gcc" "ARCHIVER=arm-xilinx-eabi-ar" "COMPILER_FLAGS=  -O2 -c" "EXTRA_COMPILER_FLAGS=-g"
"Compiling bram"
"Running Make libs in ps7_cortexa9_0/libsrc/cpu_cortexa9_v2_1/src"
make -C ps7_cortexa9_0/libsrc/cpu_cortexa9_v2_1/src -s libs  "SHELL=CMD" "COMPILER=arm-xilinx-eabi-gcc" "ARCHIVER=arm-xilinx-eabi-ar" "COMPILER_FLAGS=  -O2 -c" "EXTRA_COMPILER_FLAGS=-g"
"Compiling cpu_cortexa9"
"Running Make libs in ps7_cortexa9_0/libsrc/devcfg_v3_2/src"
make -C ps7_cortexa9_0/libsrc/devcfg_v3_2/src -s libs  "SHELL=CMD" "COMPILER=arm-xilinx-eabi-gcc" "ARCHIVER=arm-xilinx-eabi-ar" "COMPILER_FLAGS=  -O2 -c" "EXTRA_COMPILER_FLAGS=-g"
"Compiling devcfg"
"Running Make libs in ps7_cortexa9_0/libsrc/dmaps_v2_1/src"
make -C ps7_cortexa9_0/libsrc/dmaps_v2_1/src -s libs  "SHELL=CMD" "COMPILER=arm-xilinx-eabi-gcc" "ARCHIVER=arm-xilinx-eabi-ar" "COMPILER_FLAGS=  -O2 -c" "EXTRA_COMPILER_FLAGS=-g"
"Compiling dmaps"
"Running Make libs in ps7_cortexa9_0/libsrc/gpio_v4_0/src"
make -C ps7_cortexa9_0/libsrc/gpio_v4_0/src -s libs  "SHELL=CMD" "COMPILER=arm-xilinx-eabi-gcc" "ARCHIVER=arm-xilinx-eabi-ar" "COMPILER_FLAGS=  -O2 -c" "EXTRA_COMPILER_FLAGS=-g"
"Compiling gpio"
"Running Make libs in ps7_cortexa9_0/libsrc/led_ip_v1_0/src"
make -C ps7_cortexa9_0/libsrc/led_ip_v1_0/src -s libs  "SHELL=CMD" "COMPILER=arm-xilinx-eabi-gcc" "ARCHIVER=arm-xilinx-eabi-ar" "COMPILER_FLAGS=  -O2 -c" "EXTRA_COMPILER_FLAGS=-g"
"Compiling led_ip..."
"Running Make libs in ps7_cortexa9_0/libsrc/scugic_v2_1/src"
make -C ps7_cortexa9_0/libsrc/scugic_v2_1/src -s libs  "SHELL=CMD" "COMPILER=arm-xilinx-eabi-gcc" "ARCHIVER=arm-xilinx-eabi-ar" "COMPILER_FLAGS=  -O2 -c" "EXTRA_COMPILER_FLAGS=-g"
"Compiling scugic"
"Running Make libs in ps7_cortexa9_0/libsrc/scutimer_v2_0/src"
make -C ps7_cortexa9_0/libsrc/scutimer_v2_0/src -s libs  "SHELL=CMD" "COMPILER=arm-xilinx-eabi-gcc" "ARCHIVER=arm-xilinx-eabi-ar" "COMPILER_FLAGS=  -O2 -c" "EXTRA_COMPILER_FLAGS=-g"
"Compiling scutimer"
"Running Make libs in ps7_cortexa9_0/libsrc/scuwdt_v2_0/src"
make -C ps7_cortexa9_0/libsrc/scuwdt_v2_0/src -s libs  "SHELL=CMD" "COMPILER=arm-xilinx-eabi-gcc" "ARCHIVER=arm-xilinx-eabi-ar" "COMPILER_FLAGS=  -O2 -c" "EXTRA_COMPILER_FLAGS=-g"
"Compiling scuwdt"
"Running Make libs in ps7_cortexa9_0/libsrc/standalone_v4_2/src"
make -C ps7_cortexa9_0/libsrc/standalone_v4_2/src -s libs  "SHELL=CMD" "COMPILER=arm-xilinx-eabi-gcc" "ARCHIVER=arm-xilinx-eabi-ar" "COMPILER_FLAGS=  -O2 -c" "EXTRA_COMPILER_FLAGS=-g"
"Compiling standalone"
"Running Make libs in ps7_cortexa9_0/libsrc/uartps_v2_2/src"
make -C ps7_cortexa9_0/libsrc/uartps_v2_2/src -s libs  "SHELL=CMD" "COMPILER=arm-xilinx-eabi-gcc" "ARCHIVER=arm-xilinx-eabi-ar" "COMPILER_FLAGS=  -O2 -c" "EXTRA_COMPILER_FLAGS=-g"
"Compiling uartps"
"Running Make libs in ps7_cortexa9_0/libsrc/xadcps_v2_1/src"
make -C ps7_cortexa9_0/libsrc/xadcps_v2_1/src -s libs  "SHELL=CMD" "COMPILER=arm-xilinx-eabi-gcc" "ARCHIVER=arm-xilinx-eabi-ar" "COMPILER_FLAGS=  -O2 -c" "EXTRA_COMPILER_FLAGS=-g"
"Compiling xadcps"
'Finished building libraries'
11:10:28 **** Auto Build of configuration Debug for project lab6SoC ****
make all 
'Building file: ../lab5.c'
'Invoking: ARM gcc compiler'
arm-xilinx-eabi-gcc -Wall -O0 -g3 -c -fmessage-length=0 -MT"lab5.o" -I../../lab6SoC_bsp/ps7_cortexa9_0/include -MMD -MP -MF"lab5.d" -MT"lab5.d" -o "lab5.o" "../lab5.c"
'Finished building: ../lab5.c'
' '
'Building target: lab6SoC.elf'
'Invoking: ARM gcc linker'
arm-xilinx-eabi-gcc -Wl,-T -Wl,../src/lscript.ld -L../../lab6SoC_bsp/ps7_cortexa9_0/lib -o "lab6SoC.elf"  ./lab5.o   -Wl,--start-group,-lxil,-lgcc,-lc,--end-group
'Finished building target: lab6SoC.elf'
' '
'Invoking: ARM Print Size'
arm-xilinx-eabi-size lab6SoC.elf  |tee "lab6SoC.elf.size"
   text	   data	    bss	    dec	    hex	filename
  25272	   1200	  22580	  49052	   bf9c	lab6SoC.elf
'Finished building: lab6SoC.elf.size'
' '
11:10:39 **** Incremental Build of configuration Debug for project lab6SoC ****
make all 
make: Nothing to be done for `all'.
11:13:08 **** Incremental Build of configuration Debug for project lab6SoC ****
make all 
make: Nothing to be done for `all'.
